[WebServer] (node:59595) Warning: The 'NO_COLOR' env is ignored due to the 'FORCE_COLOR' env being set.
[WebServer] (Use `node --trace-warnings ...` to show where the warning was created)

Running 68 tests using 1 worker

(node:59672) Warning: The 'NO_COLOR' env is ignored due to the 'FORCE_COLOR' env being set.
(Use `node --trace-warnings ...` to show where the warning was created)
  ✓   1 [chromium] › tests/browser/citizen-review.spec.ts:65:5 › informative home and product chrome › home keeps document review immediately available without hiding its useful explanations (en) (1.2s)
  ✓   2 [chromium] › tests/browser/citizen-review.spec.ts:65:5 › informative home and product chrome › home keeps document review immediately available without hiding its useful explanations (hi) (1.8s)
  ✓   3 [chromium] › tests/browser/citizen-review.spec.ts:90:5 › informative home and product chrome › header and footer satisfy mobile geometry at 320px (564ms)
  ✓   4 [chromium] › tests/browser/citizen-review.spec.ts:102:5 › informative home and product chrome › Hindi footer content remains inside its 320px geometry (835ms)
  ✓   5 [chromium] › tests/browser/citizen-review.spec.ts:90:5 › informative home and product chrome › header and footer satisfy mobile geometry at 375px (667ms)
  ✓   6 [chromium] › tests/browser/citizen-review.spec.ts:102:5 › informative home and product chrome › Hindi footer content remains inside its 375px geometry (767ms)
  ✓   7 [chromium] › tests/browser/citizen-review.spec.ts:122:3 › informative home and product chrome › dark mode retains readable foreground contrast (769ms)
  ✓   8 [chromium] › tests/browser/citizen-review.spec.ts:162:3 › review entry and short resolution paths › direct entry has native unselected radios and validation does not select a source (1.3s)
  ✓   9 [chromium] › tests/browser/citizen-review.spec.ts:173:3 › review entry and short resolution paths › keyboard radio choices retain focus and Change reopens the selected native control (605ms)
  ✓  10 [chromium] › tests/browser/citizen-review.spec.ts:197:3 › review entry and short resolution paths › query-seeded message renders the safe stop in server HTML and first page state (365ms)
  ✓  11 [chromium] › tests/browser/citizen-review.spec.ts:209:5 › review entry and short resolution paths › plate mismatch reaches self result in four actions with first result affordances visible (en) (647ms)
  ✓  12 [chromium] › tests/browser/citizen-review.spec.ts:209:5 › review entry and short resolution paths › plate mismatch reaches self result in four actions with first result affordances visible (hi) (849ms)
  ✓  13 [chromium] › tests/browser/citizen-review.spec.ts:223:3 › review entry and short resolution paths › editing a result preserves scroll position and invalidates the resolved phase (664ms)
  ✓  14 [chromium] › tests/browser/citizen-review.spec.ts:232:3 › review entry and short resolution paths › missing RC and unavailable photo resolve conservatively (697ms)
  ✓  15 [chromium] › tests/browser/citizen-review.spec.ts:248:3 › review entry and short resolution paths › unclear and fully aligned branches reach their bounded findings (1.2s)
  ✓  16 [chromium] › tests/browser/citizen-review.spec.ts:267:3 › review entry and short resolution paths › category-only mismatch stays bounded without an actionable grievance destination (744ms)
  ✓  17 [chromium] › tests/browser/citizen-review.spec.ts:287:3 › review entry and short resolution paths › helper path requires both ordered confirmations before Resolve (727ms)
  ✓  18 [chromium] › tests/browser/citizen-review.spec.ts:297:3 › review entry and short resolution paths › shared devices block exports while a private-device print contains the visible summary (905ms)
  ✓  19 [chromium] › tests/browser/citizen-review.spec.ts:324:3 › review entry and short resolution paths › a live clock crossing route expiry removes the link before activation (797ms)
  ✓  20 [chromium] › tests/browser/citizen-review.spec.ts:345:1 › case actions create no storage record or application network request (703ms)
  ✓  21 [chromium] › tests/browser/citizen-tools.spec.ts:7:1 › message checker keeps pasted links inert, clears results on edits, and fits a phone in EN/HI (734ms)
  ✓  22 [chromium] › tests/browser/citizen-tools.spec.ts:31:1 › reply review links exact source text, gates a real download and invalidates changed evidence (886ms)
  ✓  23 [chromium] › tests/browser/deep-demo-preservation.spec.ts:32:3 › long fictional demo retains confirmed evidence, passport, pack, and order review on desktop (13.1s)
  ✓  24 [chromium] › tests/browser/deep-demo-preservation.spec.ts:32:3 › long fictional demo retains confirmed evidence, passport, pack, and order review on phone (16.0s)
  ✓  25 [chromium] › tests/browser/deep-demo-preservation.spec.ts:198:1 › a saved low-data preference keeps photos unloaded until the citizen reveals one (1.8s)
  ✓  26 [chromium] › tests/browser/deep-demo-preservation.spec.ts:230:1 › text-first is an optional saved preference and missing or reused photo references remain honest (1.3s)
  ✓  27 [chromium] › tests/browser/demo-source-visuals.spec.ts:4:3 › lab shows original synthetic sources and preserves them through corrections at 1440px (4.1s)
  ✓  28 [chromium] › tests/browser/demo-source-visuals.spec.ts:59:3 › physical plate crops are inspectable for clear, changed, blurred and partial cases at 1440px (2.3s)
  ✓  29 [chromium] › tests/browser/demo-source-visuals.spec.ts:4:3 › lab shows original synthetic sources and preserves them through corrections at 390px (2.1s)
  ✓  30 [chromium] › tests/browser/demo-source-visuals.spec.ts:59:3 › physical plate crops are inspectable for clear, changed, blurred and partial cases at 390px (2.0s)
  ✓  31 [chromium] › tests/browser/document-review.spec.ts:20:1 › document-first is compact and performs real PDF extraction, comparison, correction and private download (2.5s)
  ✓  32 [chromium] › tests/browser/document-review.spec.ts:64:1 › actual on-device image OCR uses only local assets and no document storage (1.8s)
  ✓  33 [chromium] › tests/browser/document-review.spec.ts:93:1 › same document twice stays inconclusive and malformed files fall back without a fabricated result (824ms)
  ✓  34 [chromium] › tests/browser/evidence-photo.spec.ts:4:1 › local photo inspection preserves context, records uncertainty and invalidates edited regions (1.4s)
  ✓  35 [chromium] › tests/browser/hybrid-journey.spec.ts:3:1 › informative home keeps real review primary and all examples behind Demo (3.6s)
  ✓  36 [chromium] › tests/browser/hybrid-journey.spec.ts:44:1 › all real walkthrough entries retain readable mobile hierarchy and visible Demo access (3.7s)
  ✓  37 [chromium] › tests/browser/hybrid-journey.spec.ts:60:1 › FASTag demo carries the shared design through comparison and a clearly labelled preparation note (964ms)
  ✓  38 [chromium] › tests/browser/local-intake.spec.ts:8:1 › a private local photo remains bounded by explicit answers, invalidation, and Quick Exit (1.5s)
  ✓  39 [chromium] › tests/browser/mobile-geometry.spec.ts:23:3 › required mobile controls and typography 320px English (816ms)
  ✓  40 [chromium] › tests/browser/mobile-geometry.spec.ts:23:3 › required mobile controls and typography 320px Hindi (991ms)
  ✓  41 [chromium] › tests/browser/mobile-geometry.spec.ts:23:3 › required mobile controls and typography 375px English (832ms)
  ✓  42 [chromium] › tests/browser/mobile-geometry.spec.ts:23:3 › required mobile controls and typography 375px Hindi (928ms)
  ✓  43 [chromium] › tests/browser/mobile-geometry.spec.ts:23:3 › required mobile controls and typography 390px English (819ms)
  ✓  44 [chromium] › tests/browser/mobile-geometry.spec.ts:23:3 › required mobile controls and typography 390px Hindi (985ms)
  ✓  45 [chromium] › tests/browser/mobile-geometry.spec.ts:63:1 › FASTag offers Hindi in the compact header while its synthetic demo stays English (762ms)
  ✓  46 [chromium] › tests/browser/mobility-continuity.spec.ts:6:1 › calendar and backup stay local and restore requires review and deliberate replacement (972ms)
  ✓  47 [chromium] › tests/browser/mobility-continuity.spec.ts:40:1 › invalid imports leave the saved checklist unchanged and Hindi preview fits a phone (747ms)
  ✓  48 [chromium] › tests/browser/mobility-continuity.spec.ts:61:1 › inactivity and another-tab deletion discard restore previews (1.2s)
  ✓  49 [chromium] › tests/browser/mobility-continuity.spec.ts:85:1 › delayed file reads cannot reopen a preview after the checklist is hidden (624ms)
  ✓  50 [chromium] › tests/browser/mobility-continuity.spec.ts:107:1 › export and restore check expiry even when background timers have not run (666ms)
  ✓  51 [chromium] › tests/browser/mobility-dashboard.spec.ts:3:1 › private checklist is opt-in, persists only allowlisted task metadata and supports clear across tabs (1.2s)
  ✓  52 [chromium] › tests/browser/mobility-dashboard.spec.ts:29:1 › checklist handles blocked storage without implying success and fits a Hindi phone (595ms)
  ✓  53 [chromium] › tests/browser/mobility-dashboard.spec.ts:43:1 › reopening after inactivity arms a fresh privacy lock (603ms)
  ✓  54 [chromium] › tests/browser/ocr-recovery.spec.ts:11:1 › failed OCR language bootstrap releases its worker and permits a clean retry (1.8s)
  ✓  55 [chromium] › tests/browser/ocr-recovery.spec.ts:30:1 › cancelling during OCR bootstrap releases the late worker without publishing a reading (1.0s)
  ✓  56 [chromium] › tests/browser/official-sources.spec.ts:3:1 › public sources remain readable in Hindi on mobile and disable expired handoffs (728ms)
  ✓  57 [chromium] › tests/browser/private-note-print.spec.ts:12:1 › private reply printing isolates the exact note in EN/HI without exposing the source form or retaining a print copy (878ms)
  ✓  58 [chromium] › tests/browser/private-note-print.spec.ts:59:1 › document print action preserves source lineage, blocks shared mode and discards its copy before reviewing again (971ms)
  ✓  59 [chromium] › tests/browser/route-clock.spec.ts:6:1 › server HTML and mounted lookup obey the configured clock and expiry boundary (579ms)
  ✓  60 [chromium] › tests/browser/test-lab-discoverability.spec.ts:4:3 › plain Test Lab entry exposes the ten-case runner immediately at 1440px (1.1s)
  ✓  61 [chromium] › tests/browser/test-lab-discoverability.spec.ts:31:3 › Demo makes all ten runtime test cases reachable without searching at 1440px (1.9s)
  ✓  62 [chromium] › tests/browser/test-lab-discoverability.spec.ts:4:3 › plain Test Lab entry exposes the ten-case runner immediately at 390px (1.1s)
  ✓  63 [chromium] › tests/browser/test-lab-discoverability.spec.ts:31:3 › Demo makes all ten runtime test cases reachable without searching at 390px (1.6s)
  ✓  64 [chromium] › tests/browser/test-lab-discoverability.spec.ts:76:1 › Test Lab preserves filtering, source traces, editable cases and stale-result invalidation (1.2s)
  ✓  65 [chromium] › tests/browser/test-lab-discoverability.spec.ts:115:1 › 90-second proof retains handoff, correction, recomputation and abstention guardrails (1.1s)
  ✓  66 [chromium] › tests/browser/toll-language.spec.ts:4:1 › real FASTag Hindi journey keeps its guide, outcome, evidence passport and private download in Hindi (1.4s)
  ✓  67 [chromium] › tests/browser/uniform-style.spec.ts:5:1 › all public routes share the reference palette, compact chrome and one footer boundary (2.7s)
  ✓  68 [chromium] › tests/browser/uniform-style.spec.ts:34:1 › the shared dark theme preserves readable chrome and action foregrounds (1.0s)

  68 passed (2.0m)
